! bool has_proto3_default
bool has_proto3_off
! bool has_proto3_on
bool has_normal_submsg
! bool has_sng_submsg
! bool has_required_submsg
X\(a,\s*STATIC,\s*REQUIRED,\s*MESSAGE,\s*required_submsg,
