! ^(?!.*\*)(?!.*typedef).*uint8_t.*
! ^(?!.*\*)(?!.*typedef).*int8_t.*

